// Jest Snapshot v1, https://goo.gl/fbAQLP

exports[`Should render add expense page 1`] = `
<div>
  <h2>
    Add Expense
  </h2>
  <ExpenseForm
    formData={[Function]}
  />
</div>
`;
