// Jest Snapshot v1, https://goo.gl/fbAQLP

exports[`Should render editExpense page 1`] = `
<div>
  <h2>
    Edit Expense
  </h2>
  <ExpenseForm
    expense={
      Object {
        "amount": 1,
        "createdAt": -86400000,
        "description": "Food",
        "id": "1",
        "note": "a",
      }
    }
    formData={[Function]}
  />
  <p>
    <button
      onClick={[Function]}
    >
      Remove
    </button>
  </p>
</div>
`;
