// Jest Snapshot v1, https://goo.gl/fbAQLP

exports[`Should render expense list items 1`] = `
<div>
  <Link
    to="/edit/abc1"
  >
    <h3>
      Food
    </h3>
  </Link>
  <p>
    Amount: 
    $0.01
  </p>
  <p>
    Created At: 
    December 31st, 1969
  </p>
  <p>
     Note: 
    a
  </p>
</div>
`;
