// Jest Snapshot v1, https://goo.gl/fbAQLP

exports[`Should render expense dashboard 1`] = `
<div>
  <ExpensesSummary />
  <Connect(ExpenseListFilter) />
  <ExpenseList />
</div>
`;
